// Jest Snapshot v1, https://goo.gl/fbAQLP

exports[`RasterTile Component renders without a crash with preloaded svg content 1`] = `
ShallowWrapper {
  Symbol(enzyme.__root__): [Circular],
  Symbol(enzyme.__unrendered__): <RasterTile
    url="testurl"
    x={0}
    y={0}
    z={0}
  />,
  Symbol(enzyme.__renderer__): Object {
    "batchedUpdates": [Function],
    "getNode": [Function],
    "render": [Function],
    "simulateEvent": [Function],
    "unmount": [Function],
  },
  Symbol(enzyme.__node__): Object {
    "instance": null,
    "key": undefined,
    "nodeType": "host",
    "props": Object {
      "height": 256,
      "href": "testurl",
      "width": 256,
      "x": 0,
      "y": 0,
    },
    "ref": null,
    "rendered": null,
    "type": "image",
  },
  Symbol(enzyme.__nodes__): Array [
    Object {
      "instance": null,
      "key": undefined,
      "nodeType": "host",
      "props": Object {
        "height": 256,
        "href": "testurl",
        "width": 256,
        "x": 0,
        "y": 0,
      },
      "ref": null,
      "rendered": null,
      "type": "image",
    },
  ],
  Symbol(enzyme.__options__): Object {
    "adapter": ReactSixteenAdapter {
      "options": Object {
        "enableComponentDidUpdateOnSetState": true,
        "lifecycles": Object {
          "componentDidUpdate": Object {
            "onSetState": true,
          },
          "getSnapshotBeforeUpdate": true,
        },
      },
    },
    "attachTo": undefined,
    "hydrateIn": undefined,
  },
}
`;
