// Jest Snapshot v1, https://goo.gl/fbAQLP

exports[`SvgTile Component renders without a crash with preloaded svg content 1`] = `
ShallowWrapper {
  Symbol(enzyme.__root__): [Circular],
  Symbol(enzyme.__unrendered__): <SvgTile
    svgContent="<rect stroke=\\"#000\\" id=\\"svgtest\\" height=\\"254\\" width=\\"254\\" y=\\"1\\" x=\\"1\\" stroke-width=\\"1.5\\" fill=\\"rgba(0,0,0,0)\\"></rect>"
    x={0}
    y={0}
    z={0}
  />,
  Symbol(enzyme.__renderer__): Object {
    "batchedUpdates": [Function],
    "getNode": [Function],
    "render": [Function],
    "simulateEvent": [Function],
    "unmount": [Function],
  },
  Symbol(enzyme.__node__): Object {
    "instance": null,
    "key": undefined,
    "nodeType": "host",
    "props": Object {
      "dangerouslySetInnerHTML": Object {
        "__html": "<rect stroke=\\"#000\\" id=\\"svgtest\\" height=\\"254\\" width=\\"254\\" y=\\"1\\" x=\\"1\\" stroke-width=\\"1.5\\" fill=\\"rgba(0,0,0,0)\\"></rect>",
      },
      "height": 256,
      "transform": "translate(0 0)",
      "width": 256,
    },
    "ref": null,
    "rendered": null,
    "type": "g",
  },
  Symbol(enzyme.__nodes__): Array [
    Object {
      "instance": null,
      "key": undefined,
      "nodeType": "host",
      "props": Object {
        "dangerouslySetInnerHTML": Object {
          "__html": "<rect stroke=\\"#000\\" id=\\"svgtest\\" height=\\"254\\" width=\\"254\\" y=\\"1\\" x=\\"1\\" stroke-width=\\"1.5\\" fill=\\"rgba(0,0,0,0)\\"></rect>",
        },
        "height": 256,
        "transform": "translate(0 0)",
        "width": 256,
      },
      "ref": null,
      "rendered": null,
      "type": "g",
    },
  ],
  Symbol(enzyme.__options__): Object {
    "adapter": ReactSixteenAdapter {
      "options": Object {
        "enableComponentDidUpdateOnSetState": true,
        "lifecycles": Object {
          "componentDidUpdate": Object {
            "onSetState": true,
          },
          "getSnapshotBeforeUpdate": true,
        },
      },
    },
    "attachTo": undefined,
    "hydrateIn": undefined,
  },
}
`;
